2026-01-27 17:21:17 INFO  com.zaxxer.hikari.HikariDataSource - HikariPool-1 - Starting...
2026-01-27 17:21:17 INFO  com.zaxxer.hikari.HikariDataSource - HikariPool-1 - Start completed.
2026-01-27 17:22:56 INFO  com.zaxxer.hikari.HikariDataSource - HikariPool-1 - Starting...
2026-01-27 17:22:56 INFO  com.zaxxer.hikari.HikariDataSource - HikariPool-1 - Start completed.
2026-01-27 17:22:56 ERROR tarea15.db.DatabaseManager - Unknown column 'FechaNacimiento' in 'field list'
2026-01-27 17:24:08 INFO  com.zaxxer.hikari.HikariDataSource - HikariPool-1 - Starting...
2026-01-27 17:24:08 INFO  com.zaxxer.hikari.HikariDataSource - HikariPool-1 - Start completed.
2026-01-27 17:24:08 ERROR tarea15.db.DatabaseManager - Unknown column 'curso' in 'field list'
2026-01-27 17:25:39 INFO  com.zaxxer.hikari.HikariDataSource - HikariPool-1 - Starting...
2026-01-27 17:25:39 INFO  com.zaxxer.hikari.HikariDataSource - HikariPool-1 - Start completed.
2026-01-27 17:25:39 ERROR tarea15.db.DatabaseManager - Unknown column 'curso' in 'field list'
2026-01-27 18:01:18 INFO  com.zaxxer.hikari.HikariDataSource - HikariPool-1 - Starting...
2026-01-27 18:01:18 INFO  com.zaxxer.hikari.HikariDataSource - HikariPool-1 - Start completed.
2026-01-27 18:03:44 INFO  com.zaxxer.hikari.HikariDataSource - HikariPool-1 - Starting...
2026-01-27 18:03:45 INFO  com.zaxxer.hikari.HikariDataSource - HikariPool-1 - Start completed.
2026-01-27 18:04:05 WARN  tarea15.db.DatabaseManager - You have an error in your SQL syntax; check the manual that corresponds to your MySQL server version for the right syntax to use near 'FROM grupos (nombreGrupo)' at line 1
2026-01-27 18:04:05 WARN  tarea15.db.DatabaseManager - Data truncated for column 'ciclo' at row 1
2026-01-27 18:06:17 WARN  tarea15.db.DatabaseManager - You have an error in your SQL syntax; check the manual that corresponds to your MySQL server version for the right syntax to use near 'FROM grupos (nombreGrupo)' at line 1
2026-01-27 18:07:12 WARN  tarea15.db.DatabaseManager - You have an error in your SQL syntax; check the manual that corresponds to your MySQL server version for the right syntax to use near 'FROM grupos (nombreGrupo)' at line 1
2026-01-27 18:07:36 INFO  com.zaxxer.hikari.HikariDataSource - HikariPool-1 - Starting...
2026-01-27 18:07:36 INFO  com.zaxxer.hikari.HikariDataSource - HikariPool-1 - Start completed.
2026-01-27 18:07:36 WARN  tarea15.db.DatabaseManager - You have an error in your SQL syntax; check the manual that corresponds to your MySQL server version for the right syntax to use near 'FROM grupos (nombreGrupo)' at line 1
2026-01-27 18:08:59 INFO  com.zaxxer.hikari.HikariDataSource - HikariPool-1 - Starting...
2026-01-27 18:09:00 INFO  com.zaxxer.hikari.HikariDataSource - HikariPool-1 - Start completed.
2026-01-27 18:09:00 WARN  tarea15.db.DatabaseManager - Cannot determine value type from string 'dam2'
2026-01-27 18:10:51 INFO  com.zaxxer.hikari.HikariDataSource - HikariPool-1 - Starting...
2026-01-27 18:10:51 INFO  com.zaxxer.hikari.HikariDataSource - HikariPool-1 - Start completed.
2026-01-27 18:11:23 WARN  tarea15.db.DatabaseManager - Before start of result set
2026-01-27 18:11:23 WARN  tarea15.db.DatabaseManager - Before start of result set
2026-01-27 18:11:23 WARN  tarea15.db.DatabaseManager - Before start of result set
2026-01-27 18:11:23 WARN  tarea15.db.DatabaseManager - Before start of result set
2026-01-27 18:11:23 WARN  tarea15.db.DatabaseManager - Before start of result set
2026-01-27 18:11:53 WARN  tarea15.db.DatabaseManager - HikariPool-1 - Connection is not available, request timed out after 30005ms.
2026-01-27 18:18:42 INFO  com.zaxxer.hikari.HikariDataSource - HikariPool-1 - Starting...
2026-01-27 18:18:42 INFO  com.zaxxer.hikari.HikariDataSource - HikariPool-1 - Start completed.
2026-01-27 18:19:44 WARN  tarea15.db.DatabaseManager - HikariPool-1 - Connection is not available, request timed out after 30005ms.
2026-01-27 18:23:54 INFO  com.zaxxer.hikari.HikariDataSource - HikariPool-1 - Starting...
2026-01-27 18:23:54 INFO  com.zaxxer.hikari.HikariDataSource - HikariPool-1 - Start completed.
2026-01-27 19:01:43 INFO  com.zaxxer.hikari.HikariDataSource - HikariPool-1 - Starting...
2026-01-27 19:01:43 INFO  com.zaxxer.hikari.HikariDataSource - HikariPool-1 - Start completed.
2026-01-27 19:11:08 INFO  com.zaxxer.hikari.HikariDataSource - HikariPool-1 - Starting...
2026-01-27 19:11:08 INFO  com.zaxxer.hikari.HikariDataSource - HikariPool-1 - Start completed.
2026-01-27 19:23:56 INFO  com.zaxxer.hikari.HikariDataSource - HikariPool-1 - Starting...
2026-01-27 19:23:56 INFO  com.zaxxer.hikari.HikariDataSource - HikariPool-1 - Start completed.
